
============================================================
Processando Geração 1...
============================================================


✓ Geração 1 atualizada: 0 descrições traduzidas

============================================================
Processando Geração 2...
============================================================

[29/100] Traduzindo Flaaffy... ⚠
[70/100] Traduzindo Piloswine... ⚠

✓ Geração 2 atualizada: 0 descrições traduzidas

============================================================
Processando Geração 3...
============================================================

[135/135] Traduzindo Deoxys Normal... ⚠

✓ Geração 3 atualizada: 0 descrições traduzidas

============================================================
Processando Geração 4...
============================================================

[1/107] Traduzindo Turtwig... ⚠
[4/107] Traduzindo Chimchar... ⚠
[5/107] Traduzindo Monferno... ⚠
[6/107] Traduzindo Infernape... ⚠
[7/107] Traduzindo Piplup... ⚠
[8/107] Traduzindo Prinplup... ⚠
[9/107] Traduzindo Empoleon... ⚠
[10/107] Traduzindo Starly... ⚠
[11/107] Traduzindo Staravia... ⚠
[12/107] Traduzindo Staraptor... ⚠
[13/107] Traduzindo Bidoof... ⚠
[14/107] Traduzindo Bibarel... ⚠
[15/107] Traduzindo Kricketot... ⚠
[16/107] Traduzindo Kricketune... ⚠
[17/107] Traduzindo Shinx... ⚠
[18/107] Traduzindo Luxio... ⚠
[19/107] Traduzindo Luxray... ⚠
[20/107] Traduzindo Budew... ⚠
  Progresso: 20/107
[21/107] Traduzindo Roserade... ⚠
[22/107] Traduzindo Cranidos... ⚠
[23/107] Traduzindo Rampardos... ⚠
[26/107] Traduzindo Burmy... ⚠
[27/107] Traduzindo Wormadam Plant... ⚠
[28/107] Traduzindo Mothim... ⚠
[30/107] Traduzindo Vespiquen... ⚠
[31/107] Traduzindo Pachirisu... ⚠
[32/107] Traduzindo Buizel... ⚠
[33/107] Traduzindo Floatzel... ⚠
[34/107] Traduzindo Cherubi... ⚠
[35/107] Traduzindo Cherrim... ⚠
[36/107] Traduzindo Shellos... ⚠
[37/107] Traduzindo Gastrodon... ⚠
[38/107] Traduzindo Ambipom... ⚠
[40/107] Traduzindo Drifblim... ⚠
  Progresso: 40/107
[41/107] Traduzindo Buneary... ⚠
[42/107] Traduzindo Lopunny... ⚠
[43/107] Traduzindo Mismagius... ⚠
[44/107] Traduzindo Honchkrow... ⚠
[45/107] Traduzindo Glameow... ⚠
[46/107] Traduzindo Purugly... ⚠
[47/107] Traduzindo Chingling... ⚠
[48/107] Traduzindo Stunky... ⚠
[49/107] Traduzindo Skuntank... ⚠
[50/107] Traduzindo Bronzor... ⚠
[51/107] Traduzindo Bronzong... ⚠
[52/107] Traduzindo Bonsly... ⚠
[53/107] Traduzindo Mime Jr.... ⚠
[54/107] Traduzindo Happiny... ⚠
[55/107] Traduzindo Chatot... ⚠
[57/107] Traduzindo Gible... ⚠
[58/107] Traduzindo Gabite... ⚠
[59/107] Traduzindo Garchomp... ⚠
[60/107] Traduzindo Munchlax... ⚠
  Progresso: 60/107
[61/107] Traduzindo Riolu... ⚠
[62/107] Traduzindo Lucario... ⚠
[63/107] Traduzindo Hippopotas... ⚠
[64/107] Traduzindo Hippowdon... ⚠
[65/107] Traduzindo Skorupi... ⚠
[66/107] Traduzindo Drapion... ⚠
[67/107] Traduzindo Croagunk... ⚠
[68/107] Traduzindo Toxicroak... ⚠
[69/107] Traduzindo Carnivine... ⚠
[70/107] Traduzindo Finneon... ⚠
[71/107] Traduzindo Lumineon... ⚠
[73/107] Traduzindo Snover... ⚠
[74/107] Traduzindo Abomasnow... ⚠
[75/107] Traduzindo Weavile... ⚠
[76/107] Traduzindo Magnezone... ⚠
[77/107] Traduzindo Lickilicky... ⚠
[78/107] Traduzindo Rhyperior... ⚠
[80/107] Traduzindo Electivire... ⚠
  Progresso: 80/107
[81/107] Traduzindo Magmortar... ⚠
[82/107] Traduzindo Togekiss... ⚠
[83/107] Traduzindo Yanmega... ⚠
[84/107] Traduzindo Leafeon... ⚠
[85/107] Traduzindo Glaceon... ⚠
[86/107] Traduzindo Gliscor... ⚠
[87/107] Traduzindo Mamoswine... ⚠
[88/107] Traduzindo Porygon Z... ⚠
[89/107] Traduzindo Gallade... ⚠
[91/107] Traduzindo Dusknoir... ⚠
[92/107] Traduzindo Froslass... ⚠
[93/107] Traduzindo Rotom... ⚠
[94/107] Traduzindo Uxie... ⚠
[95/107] Traduzindo Mesprit... ⚠
[96/107] Traduzindo Azelf... ⚠
[97/107] Traduzindo Dialga... ⚠
[98/107] Traduzindo Palkia... ⚠
[99/107] Traduzindo Heatran... ⚠
[102/107] Traduzindo Cresselia... ⚠
[103/107] Traduzindo Phione... ⚠
[104/107] Traduzindo Manaphy... ⚠
[105/107] Traduzindo Darkrai... ⚠
[106/107] Traduzindo Shaymin Land... ⚠

✓ Geração 4 atualizada: 0 descrições traduzidas

============================================================
Processando Geração 5...
============================================================

[2/156] Traduzindo Snivy... ⚠
[3/156] Traduzindo Servine... ⚠
[4/156] Traduzindo Serperior... ⚠
[5/156] Traduzindo Tepig... ⚠
[6/156] Traduzindo Pignite... ⚠
[7/156] Traduzindo Emboar... ⚠
[8/156] Traduzindo Oshawott... ⚠
[9/156] Traduzindo Dewott... ⚠
[10/156] Traduzindo Samurott... ⚠
[11/156] Traduzindo Patrat... ⚠
[12/156] Traduzindo Watchog... ⚠
[14/156] Traduzindo Herdier... ⚠
[15/156] Traduzindo Stoutland... ⚠
[16/156] Traduzindo Purrloin... ⚠
[19/156] Traduzindo Simisage... ⚠
[20/156] Traduzindo Pansear... ⚠
  Progresso: 20/156
[21/156] Traduzindo Simisear... ⚠
[22/156] Traduzindo Panpour... ⚠
[23/156] Traduzindo Simipour... ⚠
[24/156] Traduzindo Munna... ⚠
[25/156] Traduzindo Musharna... ⚠
[26/156] Traduzindo Pidove... ⚠
[27/156] Traduzindo Tranquill... ⚠
[28/156] Traduzindo Unfezant... ⚠
[29/156] Traduzindo Blitzle... ⚠
[30/156] Traduzindo Zebstrika... ⚠
[31/156] Traduzindo Roggenrola... ⚠
[32/156] Traduzindo Boldore... ⚠
[33/156] Traduzindo Gigalith... ⚠
[34/156] Traduzindo Woobat... ⚠
[35/156] Traduzindo Swoobat... ⚠
[36/156] Traduzindo Drilbur... ⚠
[37/156] Traduzindo Excadrill... ⚠
[38/156] Traduzindo Audino... ⚠
[39/156] Traduzindo Timburr... ⚠
[41/156] Traduzindo Conkeldurr... ⚠
[42/156] Traduzindo Tympole... ⚠
[43/156] Traduzindo Palpitoad... ⚠
[44/156] Traduzindo Seismitoad... ⚠
[45/156] Traduzindo Throh... ⚠
[46/156] Traduzindo Sawk... ⚠
[47/156] Traduzindo Sewaddle... ⚠
[48/156] Traduzindo Swadloon... ⚠
[49/156] Traduzindo Leavanny... ⚠
[51/156] Traduzindo Whirlipede... ⚠
[52/156] Traduzindo Scolipede... ⚠
[53/156] Traduzindo Cottonee... ⚠
[54/156] Traduzindo Whimsicott... ⚠
[55/156] Traduzindo Petilil... ⚠
[58/156] Traduzindo Sandile... ⚠
[59/156] Traduzindo Krokorok... ⚠
[60/156] Traduzindo Krookodile... ⚠
  Progresso: 60/156
[61/156] Traduzindo Darumaka... ⚠
[62/156] Traduzindo Darmanitan Standard... ⚠
[65/156] Traduzindo Crustle... ⚠
[66/156] Traduzindo Scraggy... ⚠
[67/156] Traduzindo Scrafty... ⚠
[68/156] Traduzindo Sigilyph... ⚠
[69/156] Traduzindo Yamask... ⚠
[70/156] Traduzindo Cofagrigus... ⚠
[72/156] Traduzindo Carracosta... ⚠
[73/156] Traduzindo Archen... ⚠
[74/156] Traduzindo Archeops... ⚠
[75/156] Traduzindo Trubbish... ⚠
[76/156] Traduzindo Garbodor... ⚠
[77/156] Traduzindo Zorua... ⚠
[79/156] Traduzindo Minccino... ⚠
[80/156] Traduzindo Cinccino... ⚠
  Progresso: 80/156
[81/156] Traduzindo Gothita... ⚠
[82/156] Traduzindo Gothorita... ⚠
[83/156] Traduzindo Gothitelle... ⚠
[84/156] Traduzindo Solosis... ⚠
[85/156] Traduzindo Duosion... ⚠
[86/156] Traduzindo Reuniclus... ⚠
[88/156] Traduzindo Swanna... ⚠
[89/156] Traduzindo Vanillite... ⚠
[90/156] Traduzindo Vanillish... ⚠
[91/156] Traduzindo Vanilluxe... ⚠
[92/156] Traduzindo Deerling... ⚠
[93/156] Traduzindo Sawsbuck... ⚠
[94/156] Traduzindo Emolga... ⚠
[96/156] Traduzindo Escavalier... ⚠
[97/156] Traduzindo Foongus... ⚠
[98/156] Traduzindo Amoonguss... ⚠
[99/156] Traduzindo Frillish... ⚠
[100/156] Traduzindo Jellicent... ⚠
  Progresso: 100/156
[101/156] Traduzindo Alomomola... ⚠
[102/156] Traduzindo Joltik... ⚠
[103/156] Traduzindo Galvantula... ⚠
[104/156] Traduzindo Ferroseed... ⚠
[105/156] Traduzindo Ferrothorn... ⚠
[106/156] Traduzindo Klink... ⚠
[107/156] Traduzindo Klang... ⚠
[108/156] Traduzindo Klinklang... ⚠
[109/156] Traduzindo Tynamo... ⚠
[110/156] Traduzindo Eelektrik... ⚠
[111/156] Traduzindo Eelektross... ⚠
[112/156] Traduzindo Elgyem... ⚠
[113/156] Traduzindo Beheeyem... ⚠
[114/156] Traduzindo Litwick... ⚠
[116/156] Traduzindo Chandelure... ⚠
[117/156] Traduzindo Axew... ⚠
[118/156] Traduzindo Fraxure... ⚠
[119/156] Traduzindo Haxorus... ⚠
[120/156] Traduzindo Cubchoo... ⚠
  Progresso: 120/156
[121/156] Traduzindo Beartic... ⚠
[122/156] Traduzindo Cryogonal... ⚠
[123/156] Traduzindo Shelmet... ⚠
[124/156] Traduzindo Accelgor... ⚠
[125/156] Traduzindo Stunfisk... ⚠
[126/156] Traduzindo Mienfoo... ⚠
[127/156] Traduzindo Mienshao... ⚠
[128/156] Traduzindo Druddigon... ⚠
[129/156] Traduzindo Golett... ⚠
[130/156] Traduzindo Golurk... ⚠
[131/156] Traduzindo Pawniard... ⚠
[132/156] Traduzindo Bisharp... ⚠
[133/156] Traduzindo Bouffalant... ⚠
[134/156] Traduzindo Rufflet... ⚠
[135/156] Traduzindo Braviary... ⚠
[136/156] Traduzindo Vullaby... ⚠
[137/156] Traduzindo Mandibuzz... ⚠
[138/156] Traduzindo Heatmor... ⚠
[139/156] Traduzindo Durant... ⚠
[140/156] Traduzindo Deino... ⚠
  Progresso: 140/156
[141/156] Traduzindo Zweilous... ⚠
[144/156] Traduzindo Volcarona... ⚠
[148/156] Traduzindo Tornadus Incarnate... ⚠
[149/156] Traduzindo Thundurus Incarnate... ⚠
[151/156] Traduzindo Zekrom... ⚠
[152/156] Traduzindo Landorus Incarnate... ⚠
[153/156] Traduzindo Kyurem... ⚠
[154/156] Traduzindo Keldeo Ordinary... ⚠
[155/156] Traduzindo Meloetta Aria... ⚠
[156/156] Traduzindo Genesect... ⚠

✓ Geração 5 atualizada: 0 descrições traduzidas

============================================================
Processando Geração 6...
============================================================

[1/72] Traduzindo Chespin... ⚠
[2/72] Traduzindo Quilladin... ⚠
[3/72] Traduzindo Chesnaught... ⚠
[4/72] Traduzindo Fennekin... ⚠
[5/72] Traduzindo Braixen... ⚠
[6/72] Traduzindo Delphox... ⚠
[7/72] Traduzindo Froakie... ⚠
[8/72] Traduzindo Frogadier... ⚠
[9/72] Traduzindo Greninja... ⚠
[10/72] Traduzindo Bunnelby... ⚠
[11/72] Traduzindo Diggersby... ⚠
[13/72] Traduzindo Fletchinder... ⚠
[14/72] Traduzindo Talonflame... ⚠
[15/72] Traduzindo Scatterbug... ⚠
[16/72] Traduzindo Spewpa... ⚠
[17/72] Traduzindo Vivillon... ⚠
[18/72] Traduzindo Litleo... ⚠
[19/72] Traduzindo Pyroar... ⚠
[20/72] Traduzindo Flabebe... ⚠
  Progresso: 20/72
[21/72] Traduzindo Floette... ⚠
[22/72] Traduzindo Florges... ⚠
[24/72] Traduzindo Gogoat... ⚠
[25/72] Traduzindo Pancham... ⚠
[26/72] Traduzindo Pangoro... ⚠
[27/72] Traduzindo Furfrou... ⚠
[28/72] Traduzindo Espurr... ⚠
[29/72] Traduzindo Meowstic Male... ⚠
[31/72] Traduzindo Doublade... ⚠
[32/72] Traduzindo Aegislash Shield... ⚠
[33/72] Traduzindo Spritzee... ⚠
[34/72] Traduzindo Aromatisse... ⚠
[35/72] Traduzindo Swirlix... ⚠
[36/72] Traduzindo Slurpuff... ⚠
[37/72] Traduzindo Inkay... ⚠
[38/72] Traduzindo Malamar... ⚠
[39/72] Traduzindo Binacle... ⚠
[40/72] Traduzindo Barbaracle... ⚠
  Progresso: 40/72
[41/72] Traduzindo Skrelp... ⚠
[42/72] Traduzindo Dragalge... ⚠
[43/72] Traduzindo Clauncher... ⚠
[45/72] Traduzindo Helioptile... ⚠
[46/72] Traduzindo Heliolisk... ⚠
[48/72] Traduzindo Tyrantrum... ⚠
[50/72] Traduzindo Aurorus... ⚠
[51/72] Traduzindo Sylveon... ⚠
[52/72] Traduzindo Hawlucha... ⚠
[53/72] Traduzindo Dedenne... ⚠
[54/72] Traduzindo Carbink... ⚠
[55/72] Traduzindo Goomy... ⚠
[56/72] Traduzindo Sliggoo... ⚠
[60/72] Traduzindo Trevenant... ⚠
  Progresso: 60/72
[61/72] Traduzindo Pumpkaboo Average... ⚠
[62/72] Traduzindo Gourgeist Average... ⚠
[63/72] Traduzindo Bergmite... ⚠
[64/72] Traduzindo Avalugg... ⚠
[65/72] Traduzindo Noibat... ⚠
[66/72] Traduzindo Noivern... ⚠
[67/72] Traduzindo Xerneas... ⚠
[68/72] Traduzindo Yveltal... ⚠
[69/72] Traduzindo Zygarde 50... ⚠
[70/72] Traduzindo Diancie... ⚠
[71/72] Traduzindo Hoopa... ⚠
[72/72] Traduzindo Volcanion... ⚠

✓ Geração 6 atualizada: 0 descrições traduzidas

============================================================
Processando Geração 7...
============================================================

[2/88] Traduzindo Dartrix... ⚠
[3/88] Traduzindo Decidueye... ⚠
[4/88] Traduzindo Litten... ⚠
[8/88] Traduzindo Brionne... ⚠
[9/88] Traduzindo Primarina... ⚠
[10/88] Traduzindo Pikipek... ⚠
[11/88] Traduzindo Trumbeak... ⚠
[12/88] Traduzindo Toucannon... ⚠
[13/88] Traduzindo Yungoos... ⚠
[14/88] Traduzindo Gumshoos... ⚠
[15/88] Traduzindo Grubbin... ⚠
[16/88] Traduzindo Charjabug... ⚠
[17/88] Traduzindo Vikavolt... ⚠
[18/88] Traduzindo Crabrawler... ⚠
[20/88] Traduzindo Oricorio Baile... ⚠
  Progresso: 20/88
[21/88] Traduzindo Cutiefly... ⚠
[22/88] Traduzindo Ribombee... ⚠
[24/88] Traduzindo Lycanroc Midday... ⚠
[25/88] Traduzindo Wishiwashi Solo... ⚠
[26/88] Traduzindo Mareanie... ⚠
[27/88] Traduzindo Toxapex... ⚠
[28/88] Traduzindo Mudbray... ⚠
[29/88] Traduzindo Mudsdale... ⚠
[30/88] Traduzindo Dewpider... ⚠
[32/88] Traduzindo Fomantis... ⚠
[33/88] Traduzindo Lurantis... ⚠
[34/88] Traduzindo Morelull... ⚠
[35/88] Traduzindo Shiinotic... ⚠
[36/88] Traduzindo Salandit... ⚠
[37/88] Traduzindo Salazzle... ⚠
[38/88] Traduzindo Stufful... ⚠
[40/88] Traduzindo Bounsweet... ⚠
  Progresso: 40/88
[42/88] Traduzindo Tsareena... ⚠
[43/88] Traduzindo Comfey... ⚠
[45/88] Traduzindo Passimian... ⚠
[47/88] Traduzindo Golisopod... ⚠
[50/88] Traduzindo Pyukumuku... ⚠
[53/88] Traduzindo Minior Red Meteor... ⚠
[54/88] Traduzindo Komala... ⚠
[55/88] Traduzindo Turtonator... ⚠
[57/88] Traduzindo Mimikyu Disguised... ⚠
[58/88] Traduzindo Bruxish... ⚠
[59/88] Traduzindo Drampa... ⚠
[60/88] Traduzindo Dhelmise... ⚠
  Progresso: 60/88
[61/88] Traduzindo Jangmo O... ⚠
[62/88] Traduzindo Hakamo O... ⚠
[63/88] Traduzindo Kommo O... ⚠
[64/88] Traduzindo Tapu Koko... ⚠
[65/88] Traduzindo Tapu Lele... ⚠
[66/88] Traduzindo Tapu Bulu... ⚠
[67/88] Traduzindo Tapu Fini... ⚠
[68/88] Traduzindo Cosmog... ⚠
[69/88] Traduzindo Cosmoem... ⚠
[70/88] Traduzindo Solgaleo... ⚠
[71/88] Traduzindo Lunala... ⚠
[72/88] Traduzindo Nihilego... ⚠
[73/88] Traduzindo Buzzwole... ⚠
[74/88] Traduzindo Pheromosa... ⚠
[75/88] Traduzindo Xurkitree... ⚠
[76/88] Traduzindo Celesteela... ⚠
[77/88] Traduzindo Kartana... ⚠
[78/88] Traduzindo Guzzlord... ⚠
[79/88] Traduzindo Necrozma... ⚠
[80/88] Traduzindo Magearna... ⚠
  Progresso: 80/88
[81/88] Traduzindo Marshadow... ⚠
[82/88] Traduzindo Poipole... ⚠
[83/88] Traduzindo Naganadel... ⚠
[84/88] Traduzindo Stakataka... ⚠
[85/88] Traduzindo Blacephalon... ⚠
[86/88] Traduzindo Zeraora... ⚠
[87/88] Traduzindo Meltan... ⚠
[88/88] Traduzindo Melmetal... ⚠

✓ Geração 7 atualizada: 0 descrições traduzidas

============================================================
Processando Geração 8...
============================================================

[1/96] Traduzindo Grookey... ⚠
[2/96] Traduzindo Thwackey... ⚠
[3/96] Traduzindo Rillaboom... ⚠
[4/96] Traduzindo Scorbunny... ⚠
[5/96] Traduzindo Raboot... ⚠
[6/96] Traduzindo Cinderace... ⚠
[9/96] Traduzindo Inteleon... ⚠
[16/96] Traduzindo Dottler... ⚠
[17/96] Traduzindo Orbeetle... ⚠
[18/96] Traduzindo Nickit... ⚠
[19/96] Traduzindo Thievul... ⚠
[20/96] Traduzindo Gossifleur... ⚠
  Progresso: 20/96
[23/96] Traduzindo Dubwool... ⚠
[24/96] Traduzindo Chewtle... ⚠
[30/96] Traduzindo Coalossal... ⚠
[31/96] Traduzindo Applin... ⚠
[32/96] Traduzindo Flapple... ⚠
[34/96] Traduzindo Silicobra... ⚠
[35/96] Traduzindo Sandaconda... ⚠
[36/96] Traduzindo Cramorant... ⚠
[39/96] Traduzindo Toxel... ⚠
[41/96] Traduzindo Sizzlipede... ⚠
[42/96] Traduzindo Centiskorch... ⚠
[43/96] Traduzindo Clobbopus... ⚠
[46/96] Traduzindo Polteageist... ⚠
[47/96] Traduzindo Hatenna... ⚠
[48/96] Traduzindo Hattrem... ⚠
[49/96] Traduzindo Hatterene... ⚠
[51/96] Traduzindo Morgrem... ⚠
[53/96] Traduzindo Obstagoon... ⚠
[55/96] Traduzindo Cursola... ⚠
[56/96] Traduzindo Sirfetchd... ⚠
[57/96] Traduzindo Mr Rime... ⚠
[58/96] Traduzindo Runerigus... ⚠
[60/96] Traduzindo Alcremie... ⚠
  Progresso: 60/96
[61/96] Traduzindo Falinks... ⚠
[62/96] Traduzindo Pincurchin... ⚠
[63/96] Traduzindo Snom... ⚠
[64/96] Traduzindo Frosmoth... ⚠
[66/96] Traduzindo Eiscue Ice... ⚠
[67/96] Traduzindo Indeedee Male... ⚠
[69/96] Traduzindo Cufant... ⚠
[70/96] Traduzindo Copperajah... ⚠
[71/96] Traduzindo Dracozolt... ⚠
[72/96] Traduzindo Arctozolt... ⚠
[73/96] Traduzindo Dracovish... ⚠
[74/96] Traduzindo Arctovish... ⚠
[75/96] Traduzindo Duraludon... ⚠
[76/96] Traduzindo Dreepy... ⚠
[77/96] Traduzindo Drakloak... ⚠
[78/96] Traduzindo Dragapult... ⚠
[80/96] Traduzindo Zamazenta... ⚠
  Progresso: 80/96
[81/96] Traduzindo Eternatus... ⚠
[82/96] Traduzindo Kubfu... ⚠
[83/96] Traduzindo Urshifu Single Strike... ⚠
[86/96] Traduzindo Regidrago... ⚠
[87/96] Traduzindo Glastrier... ⚠
[88/96] Traduzindo Spectrier... ⚠
[89/96] Traduzindo Calyrex... ⚠
[92/96] Traduzindo Ursaluna... ⚠
[93/96] Traduzindo Basculegion Male... ⚠
[94/96] Traduzindo Sneasler... ⚠
[95/96] Traduzindo Overqwil... ⚠
[96/96] Traduzindo Enamorus Incarnate... ⚠

✓ Geração 8 atualizada: 0 descrições traduzidas

============================================================
Processando Geração 9...
============================================================

[2/120] Traduzindo Floragato... ⚠
[4/120] Traduzindo Fuecoco... ⚠
[5/120] Traduzindo Crocalor... ⚠
[6/120] Traduzindo Skeledirge... ⚠
[10/120] Traduzindo Lechonk... ⚠
[11/120] Traduzindo Oinkologne Male... ⚠
[12/120] Traduzindo Tarountula... ⚠
[13/120] Traduzindo Spidops... ⚠
[15/120] Traduzindo Lokix... ⚠
[16/120] Traduzindo Pawmi... ⚠
[17/120] Traduzindo Pawmo... ⚠
[19/120] Traduzindo Tandemaus... ⚠
[20/120] Traduzindo Maushold Family Of Four... ⚠
  Progresso: 20/120
[22/120] Traduzindo Dachsbun... ⚠
[23/120] Traduzindo Smoliv... ⚠
[24/120] Traduzindo Dolliv... ⚠
[27/120] Traduzindo Nacli... ⚠
[30/120] Traduzindo Charcadet... ⚠
[32/120] Traduzindo Ceruledge... ⚠
[33/120] Traduzindo Tadbulb... ⚠
[37/120] Traduzindo Maschiff... ⚠
[39/120] Traduzindo Shroodle... ⚠
[41/120] Traduzindo Bramblin... ⚠
[42/120] Traduzindo Brambleghast... ⚠
[43/120] Traduzindo Toedscool... ⚠
[45/120] Traduzindo Klawf... ⚠
[47/120] Traduzindo Scovillain... ⚠
[50/120] Traduzindo Flittle... ⚠
[51/120] Traduzindo Espathra... ⚠
[56/120] Traduzindo Wugtrio... ⚠
[57/120] Traduzindo Bombirdier... ⚠
[58/120] Traduzindo Finizen... ⚠
[61/120] Traduzindo Revavroom... ⚠
[62/120] Traduzindo Cyclizar... ⚠
[64/120] Traduzindo Glimmet... ⚠
[67/120] Traduzindo Houndstone... ⚠
[69/120] Traduzindo Cetoddle... ⚠
[71/120] Traduzindo Veluza... ⚠
[73/120] Traduzindo Tatsugiri Curly... ⚠
[78/120] Traduzindo Kingambit... ⚠
[80/120] Traduzindo Scream Tail... ⚠
  Progresso: 80/120
[81/120] Traduzindo Brute Bonnet... ⚠
[86/120] Traduzindo Iron Bundle... ⚠
[87/120] Traduzindo Iron Hands... ⚠
[91/120] Traduzindo Frigibax... ⚠
[92/120] Traduzindo Arctibax... ⚠
[96/120] Traduzindo Wo Chien... ⚠
[98/120] Traduzindo Ting Lu... ⚠
[99/120] Traduzindo Chi Yu... ⚠
[100/120] Traduzindo Roaring Moon... ⚠
  Progresso: 100/120
[101/120] Traduzindo Iron Valiant... ⚠
[102/120] Traduzindo Koraidon... ⚠
[103/120] Traduzindo Miraidon... ⚠
[104/120] Traduzindo Walking Wake... ⚠
[105/120] Traduzindo Iron Leaves... ⚠
[106/120] Traduzindo Dipplin... ⚠
[107/120] Traduzindo Poltchageist... ⚠
[108/120] Traduzindo Sinistcha... ⚠
[109/120] Traduzindo Okidogi... ⚠
[110/120] Traduzindo Munkidori... ⚠
[111/120] Traduzindo Fezandipiti... ⚠
[112/120] Traduzindo Ogerpon... ⚠
[113/120] Traduzindo Archaludon... ⚠
[114/120] Traduzindo Hydrapple... ⚠
[115/120] Traduzindo Gouging Fire... ⚠
[116/120] Traduzindo Raging Bolt... ⚠
[118/120] Traduzindo Iron Crown... ⚠
[120/120] Traduzindo Pecharunt... ⚠
  Progresso: 120/120

✓ Geração 9 atualizada: 0 descrições traduzidas

============================================================
Tradução concluída!
============================================================
